exports[`<PhotoGrid /> matches render snapshot 1`] = `
<div
  className="photo-grid">
  photo grid
</div>
`;
